INSERT 0 5
INSERT 0 6
INSERT 0 5
INSERT 0 5
INSERT 0 3
INSERT 0 3
