DROP INDEX
DROP INDEX
DROP INDEX
DROP INDEX
CREATE INDEX
CREATE INDEX
CREATE INDEX
CREATE INDEX
ANALYZE
-[ RECORD 1 ]---------------------------------------------------------------------------------------------------
QUERY PLAN | Seq Scan on email_test  (cost=0.00..1.34 rows=1 width=57) (actual time=0.003..0.006 rows=1 loops=1)
-[ RECORD 2 ]---------------------------------------------------------------------------------------------------
QUERY PLAN |   Filter: (email = 'simple@example.com'::email_addr)
-[ RECORD 3 ]---------------------------------------------------------------------------------------------------
QUERY PLAN |   Rows Removed by Filter: 26
-[ RECORD 4 ]---------------------------------------------------------------------------------------------------
QUERY PLAN |   Buffers: shared hit=1
-[ RECORD 5 ]---------------------------------------------------------------------------------------------------
QUERY PLAN | Planning:
-[ RECORD 6 ]---------------------------------------------------------------------------------------------------
QUERY PLAN |   Buffers: shared hit=26 read=3
-[ RECORD 7 ]---------------------------------------------------------------------------------------------------
QUERY PLAN | Planning Time: 0.099 ms
-[ RECORD 8 ]---------------------------------------------------------------------------------------------------
QUERY PLAN | Execution Time: 0.016 ms

-[ RECORD 1 ]---------------------------------------------------------------------------------------------------
QUERY PLAN | Seq Scan on email_test  (cost=0.00..1.34 rows=1 width=57) (actual time=0.001..0.004 rows=1 loops=1)
-[ RECORD 2 ]---------------------------------------------------------------------------------------------------
QUERY PLAN |   Filter: (email = 'simple@example.com'::email_addr)
-[ RECORD 3 ]---------------------------------------------------------------------------------------------------
QUERY PLAN |   Rows Removed by Filter: 26
-[ RECORD 4 ]---------------------------------------------------------------------------------------------------
QUERY PLAN |   Buffers: shared hit=1
-[ RECORD 5 ]---------------------------------------------------------------------------------------------------
QUERY PLAN | Planning Time: 0.012 ms
-[ RECORD 6 ]---------------------------------------------------------------------------------------------------
QUERY PLAN | Execution Time: 0.006 ms

-[ RECORD 1 ]-----------------------------------------------------------------------------------------------------------
QUERY PLAN | Sort  (cost=1.60..1.64 rows=14 width=57) (actual time=0.018..0.018 rows=14 loops=1)
-[ RECORD 2 ]-----------------------------------------------------------------------------------------------------------
QUERY PLAN |   Sort Key: email
-[ RECORD 3 ]-----------------------------------------------------------------------------------------------------------
QUERY PLAN |   Sort Method: quicksort  Memory: 26kB
-[ RECORD 4 ]-----------------------------------------------------------------------------------------------------------
QUERY PLAN |   Buffers: shared hit=1
-[ RECORD 5 ]-----------------------------------------------------------------------------------------------------------
QUERY PLAN |   ->  Seq Scan on email_test  (cost=0.00..1.34 rows=14 width=57) (actual time=0.002..0.006 rows=14 loops=1)
-[ RECORD 6 ]-----------------------------------------------------------------------------------------------------------
QUERY PLAN |         Filter: (email > 'n@example.com'::email_addr)
-[ RECORD 7 ]-----------------------------------------------------------------------------------------------------------
QUERY PLAN |         Rows Removed by Filter: 13
-[ RECORD 8 ]-----------------------------------------------------------------------------------------------------------
QUERY PLAN |         Buffers: shared hit=1
-[ RECORD 9 ]-----------------------------------------------------------------------------------------------------------
QUERY PLAN | Planning:
-[ RECORD 10 ]----------------------------------------------------------------------------------------------------------
QUERY PLAN |   Buffers: shared hit=26
-[ RECORD 11 ]----------------------------------------------------------------------------------------------------------
QUERY PLAN | Planning Time: 0.045 ms
-[ RECORD 12 ]----------------------------------------------------------------------------------------------------------
QUERY PLAN | Execution Time: 0.022 ms

-[ RECORD 1 ]---------------------------------------------------------------------------------------------------------
QUERY PLAN | Sort  (cost=1.48..1.50 rows=6 width=57) (actual time=0.009..0.009 rows=7 loops=1)
-[ RECORD 2 ]---------------------------------------------------------------------------------------------------------
QUERY PLAN |   Sort Key: email
-[ RECORD 3 ]---------------------------------------------------------------------------------------------------------
QUERY PLAN |   Sort Method: quicksort  Memory: 25kB
-[ RECORD 4 ]---------------------------------------------------------------------------------------------------------
QUERY PLAN |   Buffers: shared hit=1
-[ RECORD 5 ]---------------------------------------------------------------------------------------------------------
QUERY PLAN |   ->  Seq Scan on email_test  (cost=0.00..1.41 rows=6 width=57) (actual time=0.002..0.006 rows=7 loops=1)
-[ RECORD 6 ]---------------------------------------------------------------------------------------------------------
QUERY PLAN |         Filter: ((email >= 'a@example.com'::email_addr) AND (email <= 'n@example.com'::email_addr))
-[ RECORD 7 ]---------------------------------------------------------------------------------------------------------
QUERY PLAN |         Rows Removed by Filter: 20
-[ RECORD 8 ]---------------------------------------------------------------------------------------------------------
QUERY PLAN |         Buffers: shared hit=1
-[ RECORD 9 ]---------------------------------------------------------------------------------------------------------
QUERY PLAN | Planning:
-[ RECORD 10 ]--------------------------------------------------------------------------------------------------------
QUERY PLAN |   Buffers: shared hit=14
-[ RECORD 11 ]--------------------------------------------------------------------------------------------------------
QUERY PLAN | Planning Time: 0.031 ms
-[ RECORD 12 ]--------------------------------------------------------------------------------------------------------
QUERY PLAN | Execution Time: 0.011 ms

-[ RECORD 1 ]---------------------------------------------------------------------------------------------------------
QUERY PLAN | Sort  (cost=1.44..1.45 rows=7 width=57) (actual time=0.011..0.011 rows=7 loops=1)
-[ RECORD 2 ]---------------------------------------------------------------------------------------------------------
QUERY PLAN |   Sort Key: email
-[ RECORD 3 ]---------------------------------------------------------------------------------------------------------
QUERY PLAN |   Sort Method: quicksort  Memory: 25kB
-[ RECORD 4 ]---------------------------------------------------------------------------------------------------------
QUERY PLAN |   Buffers: shared hit=1
-[ RECORD 5 ]---------------------------------------------------------------------------------------------------------
QUERY PLAN |   ->  Seq Scan on email_test  (cost=0.00..1.34 rows=7 width=57) (actual time=0.005..0.008 rows=7 loops=1)
-[ RECORD 6 ]---------------------------------------------------------------------------------------------------------
QUERY PLAN |         Filter: (email ># 'test@example.com'::email_addr)
-[ RECORD 7 ]---------------------------------------------------------------------------------------------------------
QUERY PLAN |         Rows Removed by Filter: 20
-[ RECORD 8 ]---------------------------------------------------------------------------------------------------------
QUERY PLAN |         Buffers: shared hit=1
-[ RECORD 9 ]---------------------------------------------------------------------------------------------------------
QUERY PLAN | Planning:
-[ RECORD 10 ]--------------------------------------------------------------------------------------------------------
QUERY PLAN |   Buffers: shared hit=10
-[ RECORD 11 ]--------------------------------------------------------------------------------------------------------
QUERY PLAN | Planning Time: 0.035 ms
-[ RECORD 12 ]--------------------------------------------------------------------------------------------------------
QUERY PLAN | Execution Time: 0.014 ms

-[ RECORD 1 ]-----------------------------------------------------------------------------------------------------------
QUERY PLAN | Sort  (cost=1.78..1.83 rows=18 width=57) (actual time=0.013..0.013 rows=18 loops=1)
-[ RECORD 2 ]-----------------------------------------------------------------------------------------------------------
QUERY PLAN |   Sort Key: email
-[ RECORD 3 ]-----------------------------------------------------------------------------------------------------------
QUERY PLAN |   Sort Method: quicksort  Memory: 26kB
-[ RECORD 4 ]-----------------------------------------------------------------------------------------------------------
QUERY PLAN |   Buffers: shared hit=1
-[ RECORD 5 ]-----------------------------------------------------------------------------------------------------------
QUERY PLAN |   ->  Seq Scan on email_test  (cost=0.00..1.41 rows=18 width=57) (actual time=0.001..0.005 rows=18 loops=1)
-[ RECORD 6 ]-----------------------------------------------------------------------------------------------------------
QUERY PLAN |         Filter: (email_addr_get_domain(email) = 'example.com'::text)
-[ RECORD 7 ]-----------------------------------------------------------------------------------------------------------
QUERY PLAN |         Rows Removed by Filter: 9
-[ RECORD 8 ]-----------------------------------------------------------------------------------------------------------
QUERY PLAN |         Buffers: shared hit=1
-[ RECORD 9 ]-----------------------------------------------------------------------------------------------------------
QUERY PLAN | Planning:
-[ RECORD 10 ]----------------------------------------------------------------------------------------------------------
QUERY PLAN |   Buffers: shared hit=3
-[ RECORD 11 ]----------------------------------------------------------------------------------------------------------
QUERY PLAN | Planning Time: 0.015 ms
-[ RECORD 12 ]----------------------------------------------------------------------------------------------------------
QUERY PLAN | Execution Time: 0.016 ms

-[ RECORD 1 ]-----------------------------------------------------------------------------------------------------------
QUERY PLAN | Sort  (cost=1.91..1.98 rows=27 width=57) (actual time=0.018..0.019 rows=27 loops=1)
-[ RECORD 2 ]-----------------------------------------------------------------------------------------------------------
QUERY PLAN |   Sort Key: email
-[ RECORD 3 ]-----------------------------------------------------------------------------------------------------------
QUERY PLAN |   Sort Method: quicksort  Memory: 27kB
-[ RECORD 4 ]-----------------------------------------------------------------------------------------------------------
QUERY PLAN |   Buffers: shared hit=1
-[ RECORD 5 ]-----------------------------------------------------------------------------------------------------------
QUERY PLAN |   ->  Seq Scan on email_test  (cost=0.00..1.27 rows=27 width=57) (actual time=0.001..0.003 rows=27 loops=1)
-[ RECORD 6 ]-----------------------------------------------------------------------------------------------------------
QUERY PLAN |         Buffers: shared hit=1
-[ RECORD 7 ]-----------------------------------------------------------------------------------------------------------
QUERY PLAN | Planning Time: 0.009 ms
-[ RECORD 8 ]-----------------------------------------------------------------------------------------------------------
QUERY PLAN | Execution Time: 0.021 ms

-[ RECORD 1 ]------------------------------------------------------------------------------------------------------------
QUERY PLAN | Sort  (cost=2.05..2.11 rows=27 width=121) (actual time=0.022..0.023 rows=27 loops=1)
-[ RECORD 2 ]------------------------------------------------------------------------------------------------------------
QUERY PLAN |   Sort Key: (email_addr_get_domain(email)), (email_addr_get_local_part(email))
-[ RECORD 3 ]------------------------------------------------------------------------------------------------------------
QUERY PLAN |   Sort Method: quicksort  Memory: 27kB
-[ RECORD 4 ]------------------------------------------------------------------------------------------------------------
QUERY PLAN |   Buffers: shared hit=1
-[ RECORD 5 ]------------------------------------------------------------------------------------------------------------
QUERY PLAN |   ->  Seq Scan on email_test  (cost=0.00..1.41 rows=27 width=121) (actual time=0.002..0.006 rows=27 loops=1)
-[ RECORD 6 ]------------------------------------------------------------------------------------------------------------
QUERY PLAN |         Buffers: shared hit=1
-[ RECORD 7 ]------------------------------------------------------------------------------------------------------------
QUERY PLAN | Planning Time: 0.011 ms
-[ RECORD 8 ]------------------------------------------------------------------------------------------------------------
QUERY PLAN | Execution Time: 0.031 ms

-[ RECORD 1 ]-----------------------------------------------------------------------------------------------------------
QUERY PLAN | Sort  (cost=1.60..1.64 rows=14 width=35) (actual time=0.011..0.012 rows=14 loops=1)
-[ RECORD 2 ]-----------------------------------------------------------------------------------------------------------
QUERY PLAN |   Sort Key: email
-[ RECORD 3 ]-----------------------------------------------------------------------------------------------------------
QUERY PLAN |   Sort Method: quicksort  Memory: 25kB
-[ RECORD 4 ]-----------------------------------------------------------------------------------------------------------
QUERY PLAN |   Buffers: shared hit=1
-[ RECORD 5 ]-----------------------------------------------------------------------------------------------------------
QUERY PLAN |   ->  Seq Scan on email_test  (cost=0.00..1.34 rows=14 width=35) (actual time=0.001..0.005 rows=14 loops=1)
-[ RECORD 6 ]-----------------------------------------------------------------------------------------------------------
QUERY PLAN |         Filter: (email > 'n@example.com'::email_addr)
-[ RECORD 7 ]-----------------------------------------------------------------------------------------------------------
QUERY PLAN |         Rows Removed by Filter: 13
-[ RECORD 8 ]-----------------------------------------------------------------------------------------------------------
QUERY PLAN |         Buffers: shared hit=1
-[ RECORD 9 ]-----------------------------------------------------------------------------------------------------------
QUERY PLAN | Planning Time: 0.012 ms
-[ RECORD 10 ]----------------------------------------------------------------------------------------------------------
QUERY PLAN | Execution Time: 0.014 ms

CREATE INDEX
-[ RECORD 1 ]---------------------------------------------------------------------------------------------------------
QUERY PLAN | Sort  (cost=1.42..1.42 rows=1 width=61) (actual time=0.007..0.007 rows=1 loops=1)
-[ RECORD 2 ]---------------------------------------------------------------------------------------------------------
QUERY PLAN |   Sort Key: id
-[ RECORD 3 ]---------------------------------------------------------------------------------------------------------
QUERY PLAN |   Sort Method: quicksort  Memory: 25kB
-[ RECORD 4 ]---------------------------------------------------------------------------------------------------------
QUERY PLAN |   Buffers: shared hit=1
-[ RECORD 5 ]---------------------------------------------------------------------------------------------------------
QUERY PLAN |   ->  Seq Scan on email_test  (cost=0.00..1.41 rows=1 width=61) (actual time=0.002..0.005 rows=1 loops=1)
-[ RECORD 6 ]---------------------------------------------------------------------------------------------------------
QUERY PLAN |         Filter: ((id < 1000) AND (email = 'simple@example.com'::email_addr))
-[ RECORD 7 ]---------------------------------------------------------------------------------------------------------
QUERY PLAN |         Rows Removed by Filter: 26
-[ RECORD 8 ]---------------------------------------------------------------------------------------------------------
QUERY PLAN |         Buffers: shared hit=1
-[ RECORD 9 ]---------------------------------------------------------------------------------------------------------
QUERY PLAN | Planning:
-[ RECORD 10 ]--------------------------------------------------------------------------------------------------------
QUERY PLAN |   Buffers: shared hit=23 read=1
-[ RECORD 11 ]--------------------------------------------------------------------------------------------------------
QUERY PLAN | Planning Time: 0.055 ms
-[ RECORD 12 ]--------------------------------------------------------------------------------------------------------
QUERY PLAN | Execution Time: 0.010 ms

-[ RECORD 1 ]----------------------------------------------------------------------------------------------------------
QUERY PLAN | Sort  (cost=1.42..1.42 rows=1 width=57) (actual time=0.015..0.015 rows=18 loops=1)
-[ RECORD 2 ]----------------------------------------------------------------------------------------------------------
QUERY PLAN |   Sort Key: email
-[ RECORD 3 ]----------------------------------------------------------------------------------------------------------
QUERY PLAN |   Sort Method: quicksort  Memory: 26kB
-[ RECORD 4 ]----------------------------------------------------------------------------------------------------------
QUERY PLAN |   Buffers: shared hit=1
-[ RECORD 5 ]----------------------------------------------------------------------------------------------------------
QUERY PLAN |   ->  Seq Scan on email_test  (cost=0.00..1.41 rows=1 width=57) (actual time=0.002..0.007 rows=18 loops=1)
-[ RECORD 6 ]----------------------------------------------------------------------------------------------------------
QUERY PLAN |         Filter: ((email)::text ~~ '%@example.com'::text)
-[ RECORD 7 ]----------------------------------------------------------------------------------------------------------
QUERY PLAN |         Rows Removed by Filter: 9
-[ RECORD 8 ]----------------------------------------------------------------------------------------------------------
QUERY PLAN |         Buffers: shared hit=1
-[ RECORD 9 ]----------------------------------------------------------------------------------------------------------
QUERY PLAN | Planning Time: 0.018 ms
-[ RECORD 10 ]---------------------------------------------------------------------------------------------------------
QUERY PLAN | Execution Time: 0.023 ms

-[ RECORD 1 ]-----------------------------------------------------------------------------------------------------
schemaname | public
tablename  | email_test
indexname  | email_test_pkey
indexdef   | CREATE UNIQUE INDEX email_test_pkey ON public.email_test USING btree (id)
index_size | 16 kB
-[ RECORD 2 ]-----------------------------------------------------------------------------------------------------
schemaname | public
tablename  | email_test
indexname  | idx_email_btree
indexdef   | CREATE INDEX idx_email_btree ON public.email_test USING btree (email)
index_size | 16 kB
-[ RECORD 3 ]-----------------------------------------------------------------------------------------------------
schemaname | public
tablename  | email_test
indexname  | idx_email_composite
indexdef   | CREATE INDEX idx_email_composite ON public.email_test USING btree (email, id)
index_size | 16 kB
-[ RECORD 4 ]-----------------------------------------------------------------------------------------------------
schemaname | public
tablename  | email_test
indexname  | idx_email_domain_btree
indexdef   | CREATE INDEX idx_email_domain_btree ON public.email_test USING btree (email email_addr_domain_ops)
index_size | 16 kB
-[ RECORD 5 ]-----------------------------------------------------------------------------------------------------
schemaname | public
tablename  | email_test
indexname  | idx_email_domain_extract
indexdef   | CREATE INDEX idx_email_domain_extract ON public.email_test USING btree (email_addr_get_domain(email))
index_size | 16 kB
-[ RECORD 6 ]-----------------------------------------------------------------------------------------------------
schemaname | public
tablename  | email_test
indexname  | idx_email_hash
indexdef   | CREATE INDEX idx_email_hash ON public.email_test USING hash (email)
index_size | 32 kB

-[ RECORD 1 ]-+-------------------------
schemaname    | public
relname       | email_test
indexrelname  | email_test_pkey
idx_scan      | 0
idx_tup_read  | 0
idx_tup_fetch | 0
-[ RECORD 2 ]-+-------------------------
schemaname    | public
relname       | email_test
indexrelname  | idx_email_btree
idx_scan      | 0
idx_tup_read  | 0
idx_tup_fetch | 0
-[ RECORD 3 ]-+-------------------------
schemaname    | public
relname       | email_test
indexrelname  | idx_email_composite
idx_scan      | 0
idx_tup_read  | 0
idx_tup_fetch | 0
-[ RECORD 4 ]-+-------------------------
schemaname    | public
relname       | email_test
indexrelname  | idx_email_domain_btree
idx_scan      | 0
idx_tup_read  | 0
idx_tup_fetch | 0
-[ RECORD 5 ]-+-------------------------
schemaname    | public
relname       | email_test
indexrelname  | idx_email_domain_extract
idx_scan      | 0
idx_tup_read  | 0
idx_tup_fetch | 0
-[ RECORD 6 ]-+-------------------------
schemaname    | public
relname       | email_test
indexrelname  | idx_email_hash
idx_scan      | 0
idx_tup_read  | 0
idx_tup_fetch | 0

DROP INDEX
DROP INDEX
DROP INDEX
DROP INDEX
DROP INDEX
